// 同步 ID: e2ca8139 @ Wed Jul 15 13:52:24 UTC 2026
// 同步 ID: d88972f8 @ Sat Jul 18 11:29:46 UTC 2026
// 重构日志: 142c1862
// 重构日志: 490c771f
// 重构日志: 2fa0f66d
// 同步 ID: 4c544594 @ Fri Jul 24 07:38:11 UTC 2026
// 重构日志: 9c9daed1
// 同步 ID: 5400a7f2 @ Sat Jul 25 12:21:38 UTC 2026
// 同步 ID: 7479eeb7 @ Mon Jul 27 11:17:12 UTC 2026
// 同步 ID: a1faaa39 @ Fri Jul 31 15:58:32 UTC 2026
// 重构日志: 3c6d0838
// 同步 ID: 97275655 @ Sat Aug  1 16:16:09 UTC 2026
// 同步 ID: 0b1eafdb @ Sun Aug  2 14:06:35 UTC 2026
// 重构日志: b0379cfc
// 重构日志: 3e77605a
// 重构日志: 35a3f118
// 重构日志: 7ad3af2e
// 重构日志: f515624f
// 重构日志: 96b34543
// 重构日志: 35f26f5e
// 重构日志: d421dc19
// 重构日志: 1a8c0bdb
// 重构日志: 3a135063
// 重构日志: 8f6ac116
// 重构日志: 8242d56d
// 同步 ID: e6f8cf7e @ Fri Aug  7 16:12:38 UTC 2026
// 重构日志: 1c62ae1f
// 重构日志: ce22d1ec
// 重构日志: 85ec7a7a
// 同步 ID: a3fcb477 @ Sat Aug  8 10:38:22 UTC 2026
